09:00
10:00 1 client1
10:00 2 client1 1
10:01 4 client1
11:00 1 client2
11:00 2 client2 1
11:01 4 client2
12:00 1 client3
12:00 2 client3 1
12:01 4 client3
15:00
1 3000 00:03
