09:00
10:00 1 client1
10:00 1 client2
10:00 1 client3
10:00 2 client1 1
10:00 2 client2 2
10:00 2 client3 3
19:00 11 client1
19:00 11 client2
19:00 11 client3
19:00
1 90 09:00
2 90 09:00
3 90 09:00
