09:00
10:00 1 client1
10:00 2 client1 1
10:10 1 client2
10:10 2 client2 2
10:30 1 client3
10:30 1 client4
10:30 1 client5
11:00 3 client3
11:00 3 client4
11:00 3 client5
11:00 11 client5
12:00 4 client1
13:00 4 client2
19:00 11 client3
19:00 11 client4
1 90 09:00
2 90 08:50
19:00
