09:00
10:00 1 client1
10:00 1 client2
10:00 1 client3
10:00 2 client1 1
10:00 2 client2 2
10:00 2 client3 3
10:01 4 client1
11:30 4 client2
19:00 11 client3
19:00
1 10 00:01
2 20 01:30
3 90 09:00
