09:00
10:00 1 client
10:00 1 client
10:00 13 YouShallNotPass
10:00 2 client 1
10:00 1 client
10:00 13 YouShallNotPass
13:00 4 client
15:00
1 3000 03:00
