09:00
10:00 1 client1
10:00 2 client1 1
10:30 1 client2
10:30 2 client2 2
11:00 2 client1 1
11:00 13 PlaceIsBusy
11:05 2 client1 2
11:05 13 PlaceIsBusy
11:42 4 client1
13:37 4 client2
15:00
1 2000 01:42
2 4000 03:07
