09:00
10:00 1 client1
11:00 3 client1
11:00 13 ICanWaitNoLonger!
15:00 11 client1
15:00
1 0 00:00
